// Jest Snapshot v1, https://goo.gl/fbAQLP

exports[`App component Matches the snapshot 1`] = `
<div>
  <div>
    <nav
      className="navbar navbar-expand-lg navbar-light bg-light"
    >
      <a
        className="navbar-brand"
        href="/"
      >
        <img
          alt="logo"
          src="https://a.espncdn.com/i/teamlogos/nfl/500/lar.png"
          width="50px"
        />
      </a>
      <h3>
        LOS ANGELES RAMS
      </h3>
      <button
        className="btn btn-outline-primary btn-sm"
        type="button"
      >
        Follow
      </button>
      <button
        aria-controls="navbarSupportedContent"
        aria-expanded="false"
        aria-label="Toggle navigation"
        className="navbar-toggler"
        data-target="#navbarSupportedContent"
        data-toggle="collapse"
        type="button"
      >
        <span
          className="navbar-toggler-icon"
        />
      </button>
      <div
        className="collapse navbar-collapse"
        id="navbarSupportedContent"
      >
        <ul
          className="navbar-nav mr-auto"
        >
          <li
            className="nav-item active"
          >
            <a
              className="nav-link"
              href="/"
            >
              Home
            </a>
          </li>
          <li
            className="nav-item"
          >
            <a
              className="nav-link"
              href="/"
            >
              Stats
            </a>
          </li>
          <li
            className="nav-item"
          >
            <a
              className="nav-link"
              href="/"
            >
              Schedule
            </a>
          </li>
          <li
            className="nav-item"
          >
            <a
              className="nav-link"
              href="/"
            >
              Standings
            </a>
          </li>
        </ul>
      </div>
    </nav>
  </div>
  <div
    id="mainstandings"
  >
    <div
      className="container-fluid"
    >
      <h5>
        2018 NFC West Standings
      </h5>
      <table
        className="table table-striped table-hover table-sm rounded"
      >
        <thead>
          <tr>
            <th
              scope="col"
            >
              Team
            </th>
            <th
              scope="col"
            >
              W
            </th>
            <th
              scope="col"
            >
              L
            </th>
            <th
              scope="col"
            >
              T
            </th>
            <th
              scope="col"
            >
              PCT
            </th>
            <th
              scope="col"
            >
              PF
            </th>
            <th
              scope="col"
            >
              PA
            </th>
          </tr>
        </thead>
        <tbody />
      </table>
      <button
        className="btn btn-link"
        onClick={[Function]}
        type="button"
      >
        Full Standings
      </button>
    </div>
  </div>
</div>
`;

exports[`App component Should render App component correctly 1`] = `
<div>
  <Navigation
    teams={Array []}
  />
  <div
    id="mainstandings"
  >
    <Standings
      handleClick={[Function]}
      teams={Array []}
    />
  </div>
</div>
`;

exports[`FullStandings component Should render FullStandings component 1`] = `undefined`;
